

2 

2 -1 2 
$0 $61 $62 $0 $0 $0 $0 $0 $0 $0 $0 $0 $0 $0 $0 $0 

2 -1 1 
$0 $63 $0 $0 $0 $0 $0 $0 $0 $0 $0 $0 $0 $0 $0 $0 

2 -1 2 
$0 $64 $65 $0 $0 $0 $0 $0 $0 $0 $0 $0 $0 $0 $0 $0 

2 -1 1 
$0 $66 $0 $0 $0 $0 $0 $0 $0 $0 $0 $0 $0 $0 $0 $0 

2 -1 2 
$0 $67 $68 $0 $0 $0 $0 $0 $0 $0 $0 $0 $0 $0 $0 $0 

3 -1 1 
$0 $69 $0 $0 $0 $0 $0 $0 $0 $0 $0 $0 $0 $0 $0 $0 

2 -1 2 
$0 $6A $6B $0 $0 $0 $0 $0 $0 $0 $0 $0 $0 $0 $0 $0 

1 -1 1 
$0 $6C $0 $0 $0 $0 $0 $0 $0 $0 $0 $0 $0 $0 $0 $0 

0 0 0 
$0 $0 $0 $0 $0 $0 $0 $0 $0 $0 $0 $0 $0 $0 $0 $0 


3 

3 -1 3 
$0 $61 $62 $63 $0 $0 $0 $0 $0 $0 $0 $0 $0 $0 $0 $0 

1 -1 0 
$0 $0 $0 $0 $0 $0 $0 $0 $0 $0 $0 $0 $0 $0 $0 $0 

3 -1 3 
$0 $64 $65 $66 $0 $0 $0 $0 $0 $0 $0 $0 $0 $0 $0 $0 

1 -1 0 
$0 $0 $0 $0 $0 $0 $0 $0 $0 $0 $0 $0 $0 $0 $0 $0 

3 -1 3 
$0 $67 $68 $69 $0 $0 $0 $0 $0 $0 $0 $0 $0 $0 $0 $0 

2 -1 0 
$0 $0 $0 $0 $0 $0 $0 $0 $0 $0 $0 $0 $0 $0 $0 $0 

3 -1 3 
$0 $6A $6B $6C $0 $0 $0 $0 $0 $0 $0 $0 $0 $0 $0 $0 

0 0 0 
$0 $0 $0 $0 $0 $0 $0 $0 $0 $0 $0 $0 $0 $0 $0 $0 


4 

4 -1 3 
$0 $61 $62 $63 $0 $0 $0 $0 $0 $0 $0 $0 $0 $0 $0 $0 

4 -1 3 
$0 $64 $65 $66 $0 $0 $0 $0 $0 $0 $0 $0 $0 $0 $0 $0 

5 -1 3 
$0 $67 $68 $69 $0 $0 $0 $0 $0 $0 $0 $0 $0 $0 $0 $0 

3 -1 3 
$0 $6A $6B $6C $0 $0 $0 $0 $0 $0 $0 $0 $0 $0 $0 $0 

0 0 0 
$0 $0 $0 $0 $0 $0 $0 $0 $0 $0 $0 $0 $0 $0 $0 $0 


5 

4 -1 3 
$0 $61 $62 $63 $0 $0 $0 $0 $0 $0 $0 $0 $0 $0 $0 $0 

4 -1 3 
$0 $64 $65 $66 $0 $0 $0 $0 $0 $0 $0 $0 $0 $0 $0 $0 

5 -1 3 
$0 $67 $68 $69 $0 $0 $0 $0 $0 $0 $0 $0 $0 $0 $0 $0 

3 -1 3 
$0 $6A $6B $6C $0 $0 $0 $0 $0 $0 $0 $0 $0 $0 $0 $0 

0 0 0 
$0 $0 $0 $0 $0 $0 $0 $0 $0 $0 $0 $0 $0 $0 $0 $0 


6 

4 -1 3 
$0 $61 $62 $63 $0 $0 $0 $0 $0 $0 $0 $0 $0 $0 $0 $0 

4 -1 3 
$0 $64 $65 $66 $0 $0 $0 $0 $0 $0 $0 $0 $0 $0 $0 $0 

5 -1 3 
$0 $67 $68 $69 $0 $0 $0 $0 $0 $0 $0 $0 $0 $0 $0 $0 

3 -1 3 
$0 $6A $6B $6C $0 $0 $0 $0 $0 $0 $0 $0 $0 $0 $0 $0 

0 0 0 
$0 $0 $0 $0 $0 $0 $0 $0 $0 $0 $0 $0 $0 $0 $0 $0 

3 -1 3 
$0 $62 $6C $61 $0 $0 $0 $0 $0 $0 $0 $0 $0 $0 $0 $0 

1 -1 0 
$0 $0 $0 $0 $0 $0 $0 $0 $0 $0 $0 $0 $0 $0 $0 $0 

1 -1 0 
$0 $0 $0 $0 $0 $0 $0 $0 $0 $0 $0 $0 $0 $0 $0 $0 

0 0 0 
$0 $0 $0 $0 $0 $0 $0 $0 $0 $0 $0 $0 $0 $0 $0 $0 
